2026-10-07 23:14:26 balanced-exact        1s nodes 0 open 1 lb 0.4888769062 inc 0.4950500724 gap 1.2470% root
2026-10-07 23:15:26 balanced-exact       61s nodes 1981 open 1342 lb 0.4916836257 inc 0.4941456693 gap 0.4982%
2026-10-07 23:16:26 balanced-exact      121s nodes 3621 open 2197 lb 0.4921508577 inc 0.4941456693 gap 0.4037%
2026-10-07 23:17:26 balanced-exact      181s nodes 5180 open 2865 lb 0.492427638 inc 0.4941456693 gap 0.3477%
2026-10-07 23:18:26 balanced-exact      241s nodes 6645 open 3412 lb 0.4926108356 inc 0.4941456693 gap 0.3106%
2026-10-07 23:19:26 balanced-exact      301s nodes 8018 open 3864 lb 0.4927557925 inc 0.4941456693 gap 0.2813%
2026-10-07 23:20:26 balanced-exact      361s nodes 9281 open 4219 lb 0.4928705511 inc 0.4941456693 gap 0.2580%
2026-10-07 23:21:26 balanced-exact      421s nodes 10510 open 4546 lb 0.492974385 inc 0.4941456693 gap 0.2370%
2026-10-07 23:22:26 balanced-exact      481s nodes 11660 open 4768 lb 0.4930544345 inc 0.4941456693 gap 0.2208%
2026-10-07 23:23:26 balanced-exact      541s nodes 12630 open 4971 lb 0.4931162416 inc 0.4941456693 gap 0.2083%
2026-10-07 23:24:26 balanced-exact      601s nodes 13566 open 5079 lb 0.4931740142 inc 0.4941456693 gap 0.1966%
2026-10-07 23:25:26 balanced-exact      661s nodes 14464 open 5226 lb 0.4932221636 inc 0.4941456693 gap 0.1869%
2026-10-07 23:26:26 balanced-exact      721s nodes 15404 open 5341 lb 0.4932732453 inc 0.4941456693 gap 0.1766%
2026-10-07 23:27:26 balanced-exact      781s nodes 16305 open 5415 lb 0.4933141842 inc 0.4941456693 gap 0.1683%
2026-10-07 23:28:27 balanced-exact      841s nodes 17170 open 5475 lb 0.4933586322 inc 0.4941456693 gap 0.1593%
2026-10-07 23:29:27 balanced-exact      902s nodes 17971 open 5514 lb 0.4933954612 inc 0.4941456693 gap 0.1518%
2026-10-07 23:30:27 balanced-exact      962s nodes 18741 open 5541 lb 0.4934265213 inc 0.4941456693 gap 0.1455%
2026-10-07 23:31:27 balanced-exact     1022s nodes 19488 open 5522 lb 0.4934480855 inc 0.4941456693 gap 0.1412%
2026-10-07 23:32:27 balanced-exact     1082s nodes 20216 open 5547 lb 0.493485585 inc 0.4941456693 gap 0.1336%
2026-10-07 23:33:27 balanced-exact     1142s nodes 20938 open 5521 lb 0.4935143761 inc 0.4941456693 gap 0.1278%
2026-10-07 23:34:27 balanced-exact     1202s nodes 21650 open 5502 lb 0.4935413478 inc 0.4941456693 gap 0.1223%
2026-10-07 23:35:27 balanced-exact     1262s nodes 22344 open 5459 lb 0.493566177 inc 0.4941456693 gap 0.1173%
2026-10-07 23:36:27 balanced-exact     1322s nodes 23032 open 5421 lb 0.4935902394 inc 0.4941456693 gap 0.1124%
2026-10-07 23:37:27 balanced-exact     1382s nodes 23662 open 5379 lb 0.4936153871 inc 0.4941456693 gap 0.1073%
2026-10-07 23:38:28 balanced-exact     1442s nodes 24310 open 5329 lb 0.4936386667 inc 0.4941456693 gap 0.1026%
2026-10-07 23:39:28 balanced-exact     1502s nodes 24971 open 5256 lb 0.4936615428 inc 0.4941456693 gap 0.0980%
2026-10-07 23:40:28 balanced-exact     1563s nodes 25577 open 5193 lb 0.4936793846 inc 0.4941456693 gap 0.0944%
2026-10-07 23:41:28 balanced-exact     1623s nodes 26220 open 5100 lb 0.4936972439 inc 0.4941456693 gap 0.0907%
2026-10-07 23:42:28 balanced-exact     1683s nodes 26811 open 5018 lb 0.4937160138 inc 0.4941456693 gap 0.0869%
2026-10-07 23:43:28 balanced-exact     1743s nodes 27399 open 4945 lb 0.4937306778 inc 0.4941456693 gap 0.0840%
2026-10-07 23:44:28 balanced-exact     1803s nodes 27976 open 4834 lb 0.4937525209 inc 0.4941456693 gap 0.0796%
2026-10-07 23:45:28 balanced-exact     1863s nodes 28586 open 4732 lb 0.4937693835 inc 0.4941456693 gap 0.0761%
2026-10-07 23:46:29 balanced-exact     1923s nodes 29175 open 4627 lb 0.4937861175 inc 0.4941456693 gap 0.0728%
2026-10-07 23:47:29 balanced-exact     1984s nodes 29746 open 4526 lb 0.4938003566 inc 0.4941456693 gap 0.0699%
2026-10-07 23:48:29 balanced-exact     2044s nodes 30296 open 4426 lb 0.4938139122 inc 0.4941456693 gap 0.0671%
2026-10-07 23:49:29 balanced-exact     2104s nodes 30876 open 4320 lb 0.4938283141 inc 0.4941456693 gap 0.0642%
2026-10-07 23:50:29 balanced-exact     2164s nodes 31444 open 4217 lb 0.4938438716 inc 0.4941456693 gap 0.0611%
2026-10-07 23:51:29 balanced-exact     2224s nodes 31984 open 4132 lb 0.4938580135 inc 0.4941456693 gap 0.0582%
2026-10-07 23:52:29 balanced-exact     2284s nodes 32532 open 4024 lb 0.4938725578 inc 0.4941456693 gap 0.0553%
2026-10-07 23:53:29 balanced-exact     2344s nodes 33072 open 3904 lb 0.4938868446 inc 0.4941456693 gap 0.0524%
2026-10-07 23:54:29 balanced-exact     2404s nodes 33602 open 3781 lb 0.4939004634 inc 0.4941456693 gap 0.0496%
2026-10-07 23:55:29 balanced-exact     2464s nodes 34086 open 3670 lb 0.4939115618 inc 0.4941456693 gap 0.0474%
2026-10-07 23:56:29 balanced-exact     2524s nodes 34568 open 3563 lb 0.4939211521 inc 0.4941456693 gap 0.0454%
2026-10-07 23:57:30 balanced-exact     2584s nodes 35043 open 3459 lb 0.4939337013 inc 0.4941456693 gap 0.0429%
2026-10-07 23:58:30 balanced-exact     2645s nodes 35539 open 3341 lb 0.4939439141 inc 0.4941456693 gap 0.0408%
2026-10-07 23:59:30 balanced-exact     2705s nodes 36022 open 3223 lb 0.4939552456 inc 0.4941456693 gap 0.0385%
2026-10-08 00:00:30 balanced-exact     2765s nodes 36489 open 3112 lb 0.493964467 inc 0.4941456693 gap 0.0367%
2026-10-08 00:01:30 balanced-exact     2825s nodes 36922 open 2994 lb 0.4939751453 inc 0.4941456693 gap 0.0345%
2026-10-08 00:02:30 balanced-exact     2885s nodes 37403 open 2869 lb 0.4939852576 inc 0.4941456693 gap 0.0325%
2026-10-08 00:03:31 balanced-exact     2945s nodes 37890 open 2743 lb 0.4939953535 inc 0.4941456693 gap 0.0304%
2026-10-08 00:04:31 balanced-exact     3005s nodes 38392 open 2609 lb 0.494003995 inc 0.4941456693 gap 0.0287%
2026-10-08 00:05:31 balanced-exact     3066s nodes 38862 open 2491 lb 0.4940144664 inc 0.4941456693 gap 0.0266%
2026-10-08 00:06:31 balanced-exact     3126s nodes 39321 open 2368 lb 0.4940246409 inc 0.4941456693 gap 0.0245%
2026-10-08 00:07:31 balanced-exact     3186s nodes 39800 open 2226 lb 0.4940340909 inc 0.4941456693 gap 0.0226%
2026-10-08 00:08:31 balanced-exact     3246s nodes 40264 open 2093 lb 0.4940436646 inc 0.4941456693 gap 0.0206%
2026-10-08 00:09:31 balanced-exact     3306s nodes 40698 open 1957 lb 0.494052706 inc 0.4941456693 gap 0.0188%
2026-10-08 00:10:31 balanced-exact     3366s nodes 41124 open 1827 lb 0.4940566806 inc 0.4941456693 gap 0.0180%
2026-10-08 00:11:32 balanced-exact     3427s nodes 41534 open 1692 lb 0.4940687096 inc 0.4941456693 gap 0.0156%
2026-10-08 00:12:32 balanced-exact     3487s nodes 41963 open 1547 lb 0.4940775101 inc 0.4941456693 gap 0.0138%
2026-10-08 00:13:32 balanced-exact     3547s nodes 42382 open 1406 lb 0.494085191 inc 0.4941456693 gap 0.0122%
2026-10-08 00:14:26 balanced-exact     3601s nodes 42771 open 1266 lb 0.4940931018 inc 0.4941456693 gap 0.0106% stopped
