2026-10-08 00:20:20 balanced-exact        1s nodes 0 open 1 lb 0.4888769062 inc 0.4950500724 gap 1.2470% root
2026-10-08 00:21:20 balanced-exact       61s nodes 1863 open 1284 lb 0.4916372999 inc 0.4941456693 gap 0.5076%
2026-10-08 00:22:20 balanced-exact      121s nodes 3391 open 2073 lb 0.492094921 inc 0.4941456693 gap 0.4150%
2026-10-08 00:23:20 balanced-exact      181s nodes 4818 open 2718 lb 0.4923607837 inc 0.4941456693 gap 0.3612%
2026-10-08 00:24:20 balanced-exact      241s nodes 6173 open 3256 lb 0.492553317 inc 0.4941456693 gap 0.3222%
2026-10-08 00:25:20 balanced-exact      301s nodes 7393 open 3661 lb 0.4926959634 inc 0.4941456693 gap 0.2934%
2026-10-08 00:26:20 balanced-exact      361s nodes 8586 open 4037 lb 0.4928075352 inc 0.4941456693 gap 0.2708%
2026-10-08 00:27:20 balanced-exact      421s nodes 9689 open 4333 lb 0.4929047844 inc 0.4941456693 gap 0.2511%
2026-10-08 00:28:20 balanced-exact      481s nodes 10797 open 4613 lb 0.4929905554 inc 0.4941456693 gap 0.2338%
2026-10-08 00:29:20 balanced-exact      541s nodes 11846 open 4824 lb 0.4930677859 inc 0.4941456693 gap 0.2181%
2026-10-08 00:30:20 balanced-exact      601s nodes 12820 open 4991 lb 0.4931254588 inc 0.4941456693 gap 0.2065%
2026-10-08 00:31:20 balanced-exact      661s nodes 13771 open 5132 lb 0.4931815016 inc 0.4941456693 gap 0.1951%
2026-10-08 00:32:21 balanced-exact      721s nodes 14679 open 5257 lb 0.4932322426 inc 0.4941456693 gap 0.1848%
2026-10-08 00:33:21 balanced-exact      781s nodes 15614 open 5373 lb 0.4932824732 inc 0.4941456693 gap 0.1747%
2026-10-08 00:34:21 balanced-exact      841s nodes 16498 open 5439 lb 0.4933252489 inc 0.4941456693 gap 0.1660%
2026-10-08 00:35:21 balanced-exact      901s nodes 17358 open 5487 lb 0.4933672094 inc 0.4941456693 gap 0.1575%
2026-10-08 00:36:21 balanced-exact      962s nodes 18127 open 5531 lb 0.4933994504 inc 0.4941456693 gap 0.1510%
2026-10-08 00:37:21 balanced-exact     1022s nodes 18911 open 5548 lb 0.4934332043 inc 0.4941456693 gap 0.1442%
2026-10-08 00:38:21 balanced-exact     1082s nodes 19661 open 5534 lb 0.4934631233 inc 0.4941456693 gap 0.1381%
2026-10-08 00:39:21 balanced-exact     1142s nodes 20385 open 5546 lb 0.4934932788 inc 0.4941456693 gap 0.1320%
2026-10-08 00:40:21 balanced-exact     1202s nodes 21117 open 5543 lb 0.4935205681 inc 0.4941456693 gap 0.1265%
2026-10-08 00:41:21 balanced-exact     1262s nodes 21820 open 5507 lb 0.4935478494 inc 0.4941456693 gap 0.1210%
2026-10-08 00:42:21 balanced-exact     1322s nodes 22545 open 5459 lb 0.4935732544 inc 0.4941456693 gap 0.1158%
2026-10-08 00:43:22 balanced-exact     1382s nodes 23215 open 5404 lb 0.4935955783 inc 0.4941456693 gap 0.1113%
2026-10-08 00:44:22 balanced-exact     1442s nodes 23878 open 5370 lb 0.4936211079 inc 0.4941456693 gap 0.1062%
2026-10-08 00:45:22 balanced-exact     1503s nodes 24521 open 5324 lb 0.4936442541 inc 0.4941456693 gap 0.1015%
2026-10-08 00:46:22 balanced-exact     1563s nodes 25184 open 5248 lb 0.493666944 inc 0.4941456693 gap 0.0969%
2026-10-08 00:47:22 balanced-exact     1623s nodes 25803 open 5171 lb 0.4936851011 inc 0.4941456693 gap 0.0932%
2026-10-08 00:48:22 balanced-exact     1683s nodes 26468 open 5074 lb 0.4937044238 inc 0.4941456693 gap 0.0893%
2026-10-08 00:49:22 balanced-exact     1743s nodes 27030 open 5004 lb 0.4937206927 inc 0.4941456693 gap 0.0860%
2026-10-08 00:50:22 balanced-exact     1803s nodes 27624 open 4912 lb 0.4937408419 inc 0.4941456693 gap 0.0819%
2026-10-08 00:51:22 balanced-exact     1863s nodes 28205 open 4797 lb 0.4937589495 inc 0.4941456693 gap 0.0783%
2026-10-08 00:52:22 balanced-exact     1923s nodes 28834 open 4690 lb 0.4937768218 inc 0.4941456693 gap 0.0746%
2026-10-08 00:53:22 balanced-exact     1983s nodes 29420 open 4582 lb 0.4937927219 inc 0.4941456693 gap 0.0714%
2026-10-08 00:54:22 balanced-exact     2043s nodes 29998 open 4486 lb 0.4938062745 inc 0.4941456693 gap 0.0687%
2026-10-08 00:55:23 balanced-exact     2103s nodes 30550 open 4381 lb 0.4938199042 inc 0.4941456693 gap 0.0659%
2026-10-08 00:56:23 balanced-exact     2163s nodes 31125 open 4282 lb 0.4938357415 inc 0.4941456693 gap 0.0627%
2026-10-08 00:57:23 balanced-exact     2223s nodes 31688 open 4186 lb 0.4938480272 inc 0.4941456693 gap 0.0602%
2026-10-08 00:58:23 balanced-exact     2283s nodes 32233 open 4089 lb 0.4938631905 inc 0.4941456693 gap 0.0572%
2026-10-08 00:59:23 balanced-exact     2343s nodes 32779 open 3978 lb 0.4938778158 inc 0.4941456693 gap 0.0542%
2026-10-08 01:00:23 balanced-exact     2404s nodes 33295 open 3861 lb 0.4938922947 inc 0.4941456693 gap 0.0513%
2026-10-08 01:01:23 balanced-exact     2464s nodes 33806 open 3748 lb 0.4939026892 inc 0.4941456693 gap 0.0492%
2026-10-08 01:02:23 balanced-exact     2524s nodes 34303 open 3629 lb 0.4939156418 inc 0.4941456693 gap 0.0466%
2026-10-08 01:03:23 balanced-exact     2584s nodes 34771 open 3522 lb 0.4939234963 inc 0.4941456693 gap 0.0450%
2026-10-08 01:04:23 balanced-exact     2644s nodes 35274 open 3407 lb 0.4939372014 inc 0.4941456693 gap 0.0422%
2026-10-08 01:05:23 balanced-exact     2704s nodes 35767 open 3293 lb 0.4939485291 inc 0.4941456693 gap 0.0399%
2026-10-08 01:06:23 balanced-exact     2764s nodes 36232 open 3177 lb 0.4939584803 inc 0.4941456693 gap 0.0379%
2026-10-08 01:07:23 balanced-exact     2824s nodes 36711 open 3063 lb 0.4939705328 inc 0.4941456693 gap 0.0354%
2026-10-08 01:08:23 balanced-exact     2884s nodes 37155 open 2947 lb 0.493979722 inc 0.4941456693 gap 0.0336%
2026-10-08 01:09:23 balanced-exact     2944s nodes 37621 open 2816 lb 0.4939895753 inc 0.4941456693 gap 0.0316%
2026-10-08 01:10:24 balanced-exact     3004s nodes 38106 open 2693 lb 0.4939991635 inc 0.4941456693 gap 0.0296%
2026-10-08 01:11:24 balanced-exact     3065s nodes 38604 open 2559 lb 0.4940076577 inc 0.4941456693 gap 0.0279%
2026-10-08 01:12:24 balanced-exact     3125s nodes 39052 open 2453 lb 0.494018718 inc 0.4941456693 gap 0.0257%
2026-10-08 01:13:24 balanced-exact     3185s nodes 39538 open 2305 lb 0.494027922 inc 0.4941456693 gap 0.0238%
2026-10-08 01:14:24 balanced-exact     3245s nodes 40019 open 2173 lb 0.4940377841 inc 0.4941456693 gap 0.0218%
2026-10-08 01:15:24 balanced-exact     3305s nodes 40481 open 2033 lb 0.4940460703 inc 0.4941456693 gap 0.0202%
2026-10-08 01:16:24 balanced-exact     3365s nodes 40914 open 1900 lb 0.4940564588 inc 0.4941456693 gap 0.0181%
2026-10-08 01:17:24 balanced-exact     3425s nodes 41310 open 1773 lb 0.4940641695 inc 0.4941456693 gap 0.0165%
2026-10-08 01:18:24 balanced-exact     3485s nodes 41724 open 1638 lb 0.4940718557 inc 0.4941456693 gap 0.0149%
2026-10-08 01:19:25 balanced-exact     3545s nodes 42145 open 1497 lb 0.4940787651 inc 0.4941456693 gap 0.0135%
2026-10-08 01:20:19 balanced-exact     3600s nodes 42534 open 1352 lb 0.4940871241 inc 0.4941456693 gap 0.0118% stopped
