2026-10-07 22:09:09 balanced-exact        1s nodes 0 open 1 lb 0.4888769062 inc 0.4950500724 gap 1.2470% root
2026-10-07 22:10:09 balanced-exact       61s nodes 2025 open 1365 lb 0.4917070575 inc 0.4941456693 gap 0.4935%
2026-10-07 22:11:09 balanced-exact      121s nodes 3727 open 2248 lb 0.4921650219 inc 0.4941456693 gap 0.4008%
2026-10-07 22:12:09 balanced-exact      181s nodes 5322 open 2918 lb 0.492433802 inc 0.4941456693 gap 0.3464%
2026-10-07 22:13:09 balanced-exact      241s nodes 6791 open 3466 lb 0.4926320557 inc 0.4941456693 gap 0.3063%
2026-10-07 22:14:09 balanced-exact      301s nodes 8150 open 3915 lb 0.4927646417 inc 0.4941456693 gap 0.2795%
2026-10-07 22:15:09 balanced-exact      361s nodes 9446 open 4272 lb 0.492884647 inc 0.4941456693 gap 0.2552%
2026-10-07 22:16:10 balanced-exact      421s nodes 10681 open 4585 lb 0.4929833559 inc 0.4941456693 gap 0.2352%
2026-10-07 22:17:10 balanced-exact      481s nodes 11863 open 4826 lb 0.4930680769 inc 0.4941456693 gap 0.2181%
2026-10-07 22:18:10 balanced-exact      541s nodes 12957 open 5015 lb 0.4931367586 inc 0.4941456693 gap 0.2042%
2026-10-07 22:19:10 balanced-exact      601s nodes 14011 open 5169 lb 0.4931976428 inc 0.4941456693 gap 0.1919%
2026-10-07 22:20:10 balanced-exact      661s nodes 15081 open 5317 lb 0.4932579972 inc 0.4941456693 gap 0.1796%
2026-10-07 22:21:10 balanced-exact      721s nodes 16128 open 5411 lb 0.4933096411 inc 0.4941456693 gap 0.1692%
2026-10-07 22:22:10 balanced-exact      781s nodes 17125 open 5479 lb 0.4933544809 inc 0.4941456693 gap 0.1601%
2026-10-07 22:23:10 balanced-exact      841s nodes 18051 open 5527 lb 0.4933987949 inc 0.4941456693 gap 0.1511%
2026-10-07 22:24:10 balanced-exact      901s nodes 18950 open 5541 lb 0.4934347 inc 0.4941456693 gap 0.1439%
2026-10-07 22:25:10 balanced-exact      961s nodes 19802 open 5542 lb 0.4934674169 inc 0.4941456693 gap 0.1373%
2026-10-07 22:26:10 balanced-exact     1021s nodes 20637 open 5544 lb 0.4935012873 inc 0.4941456693 gap 0.1304%
2026-10-07 22:27:10 balanced-exact     1082s nodes 21449 open 5523 lb 0.4935335522 inc 0.4941456693 gap 0.1239%
2026-10-07 22:28:10 balanced-exact     1142s nodes 22285 open 5471 lb 0.4935639185 inc 0.4941456693 gap 0.1177%
2026-10-07 22:29:10 balanced-exact     1202s nodes 23083 open 5420 lb 0.4935918065 inc 0.4941456693 gap 0.1121%
2026-10-07 22:30:10 balanced-exact     1262s nodes 23846 open 5373 lb 0.4936207157 inc 0.4941456693 gap 0.1062%
2026-10-07 22:31:10 balanced-exact     1322s nodes 24601 open 5309 lb 0.4936484632 inc 0.4941456693 gap 0.1006%
2026-10-07 22:32:10 balanced-exact     1382s nodes 25386 open 5227 lb 0.4936718905 inc 0.4941456693 gap 0.0959%
2026-10-07 22:33:10 balanced-exact     1442s nodes 26102 open 5120 lb 0.4936933123 inc 0.4941456693 gap 0.0915%
2026-10-07 22:34:10 balanced-exact     1502s nodes 26809 open 5027 lb 0.4937132287 inc 0.4941456693 gap 0.0875%
2026-10-07 22:35:10 balanced-exact     1562s nodes 27502 open 4933 lb 0.493736452 inc 0.4941456693 gap 0.0828%
2026-10-07 22:36:10 balanced-exact     1622s nodes 28185 open 4800 lb 0.4937589495 inc 0.4941456693 gap 0.0783%
2026-10-07 22:37:11 balanced-exact     1682s nodes 28899 open 4672 lb 0.4937787588 inc 0.4941456693 gap 0.0743%
2026-10-07 22:38:11 balanced-exact     1742s nodes 29595 open 4554 lb 0.4937968093 inc 0.4941456693 gap 0.0706%
2026-10-07 22:39:11 balanced-exact     1802s nodes 30238 open 4440 lb 0.4938119645 inc 0.4941456693 gap 0.0675%
2026-10-07 22:40:11 balanced-exact     1862s nodes 30886 open 4321 lb 0.4938283136 inc 0.4941456693 gap 0.0642%
2026-10-07 22:41:11 balanced-exact     1923s nodes 31531 open 4205 lb 0.493844794 inc 0.4941456693 gap 0.0609%
2026-10-07 22:42:11 balanced-exact     1983s nodes 32138 open 4109 lb 0.4938624359 inc 0.4941456693 gap 0.0573%
2026-10-07 22:43:11 balanced-exact     2043s nodes 32757 open 3981 lb 0.4938778151 inc 0.4941456693 gap 0.0542%
2026-10-07 22:44:11 balanced-exact     2103s nodes 33316 open 3853 lb 0.4938934314 inc 0.4941456693 gap 0.0510%
2026-10-07 22:45:11 balanced-exact     2163s nodes 33876 open 3723 lb 0.4939026896 inc 0.4941456693 gap 0.0492%
2026-10-07 22:46:11 balanced-exact     2223s nodes 34438 open 3597 lb 0.4939187626 inc 0.4941456693 gap 0.0459%
2026-10-07 22:47:12 balanced-exact     2283s nodes 34936 open 3482 lb 0.4939319066 inc 0.4941456693 gap 0.0433%
2026-10-07 22:48:12 balanced-exact     2343s nodes 35522 open 3350 lb 0.493943762 inc 0.4941456693 gap 0.0409%
2026-10-07 22:49:12 balanced-exact     2403s nodes 36076 open 3214 lb 0.4939562175 inc 0.4941456693 gap 0.0383%
2026-10-07 22:50:12 balanced-exact     2463s nodes 36631 open 3077 lb 0.4939683214 inc 0.4941456693 gap 0.0359%
2026-10-07 22:51:12 balanced-exact     2523s nodes 37157 open 2942 lb 0.493980098 inc 0.4941456693 gap 0.0335%
2026-10-07 22:52:12 balanced-exact     2584s nodes 37697 open 2792 lb 0.4939914249 inc 0.4941456693 gap 0.0312%
2026-10-07 22:53:12 balanced-exact     2644s nodes 38227 open 2659 lb 0.4940010094 inc 0.4941456693 gap 0.0293%
2026-10-07 22:54:12 balanced-exact     2704s nodes 38757 open 2519 lb 0.4940126516 inc 0.4941456693 gap 0.0269%
2026-10-07 22:55:12 balanced-exact     2764s nodes 39276 open 2385 lb 0.49402365 inc 0.4941456693 gap 0.0247%
2026-10-07 22:56:12 balanced-exact     2824s nodes 39830 open 2221 lb 0.4940340916 inc 0.4941456693 gap 0.0226%
2026-10-07 22:57:12 balanced-exact     2884s nodes 40368 open 2063 lb 0.494044739 inc 0.4941456693 gap 0.0204%
2026-10-07 22:58:12 balanced-exact     2944s nodes 40846 open 1914 lb 0.494055548 inc 0.4941456693 gap 0.0182%
2026-10-07 22:59:12 balanced-exact     3004s nodes 41293 open 1775 lb 0.4940641694 inc 0.4941456693 gap 0.0165%
2026-10-07 23:00:12 balanced-exact     3064s nodes 41780 open 1615 lb 0.4940729505 inc 0.4941456693 gap 0.0147%
2026-10-07 23:01:12 balanced-exact     3124s nodes 42267 open 1454 lb 0.4940822203 inc 0.4941456693 gap 0.0128%
2026-10-07 23:02:13 balanced-exact     3184s nodes 42731 open 1288 lb 0.4940917731 inc 0.4941456693 gap 0.0109%
2026-10-07 23:03:13 balanced-exact     3244s nodes 43197 open 1129 lb 0.4941002498 inc 0.4941456693 gap 0.0092%
2026-10-07 23:04:13 balanced-exact     3304s nodes 43644 open 975 lb 0.494108447 inc 0.4941456693 gap 0.0075%
2026-10-07 23:05:13 balanced-exact     3365s nodes 44085 open 808 lb 0.4941161609 inc 0.4941456693 gap 0.0060%
2026-10-07 23:06:13 balanced-exact     3425s nodes 44533 open 623 lb 0.4941235217 inc 0.4941456693 gap 0.0045%
2026-10-07 23:07:13 balanced-exact     3485s nodes 44977 open 398 lb 0.4941318634 inc 0.4941456693 gap 0.0028%
2026-10-07 23:08:13 balanced-exact     3545s nodes 45445 open 168 lb 0.4941398762 inc 0.4941456693 gap 0.0012%
2026-10-07 23:08:51 balanced-exact     3582s nodes 45724 open 2 lb 0.4941456693 inc 0.4941456693 gap 0.0000% certified
