2026-10-03 21:53:20   compact: round 5, bound 0.3396119090, rows 3444, {'inaccurate_solves': 0, 'mincut': 4}, 2s
2026-10-03 21:53:20 compact: root gap 0.5581% (closes 0.0% of the compact gap), cut off 0, 2s
2026-10-03 21:53:21   lift: round 5, bound 0.3396119090, rows 3824, {'inaccurate_solves': 0, 'mincut': 4}, 1s
2026-10-03 21:53:21 lift: root gap 0.5581% (closes 0.0% of the compact gap), cut off 0, 1s
2026-10-03 21:53:21   lift_manifold: round 5, bound 0.3401615254, rows 3825, {'inaccurate_solves': 0, 'mincut': 4}, 0s
2026-10-03 21:53:21 lift_manifold: root gap 0.3972% (closes 28.8% of the compact gap), cut off 0, 0s
/Users/lchindelevitch/Downloads/Phylogenetics/BalancedMinEvolutionPaper/experiments/lp/conic_manifold.py:248: UserWarning: Solution may be inaccurate. Try another solver, adjusting the solver settings, or solve with verbose=True for more information.
  prob.solve(solver=cp.CLARABEL, tol_feas=tol, tol_gap_abs=tol, tol_gap_rel=tol,
2026-10-03 21:53:49   lift_triangle: round 5, bound 0.3396123511, rows 7244, {'triangle_rows': 3420, 'inaccurate_solves': 5, 'mincut': 4}, 28s
2026-10-03 21:53:51 lift_triangle: root gap 0.5581% (closes 0.0% of the compact gap), cut off 0, 29s
2026-10-03 21:53:52   lift_base: round 5, bound 0.3405221206, rows 7245, {'triangle_rows': 3420, 'inaccurate_solves': 0, 'mincut': 4}, 1s
2026-10-03 21:53:52 lift_base: root gap 0.2915% (closes 47.8% of the compact gap), cut off 0, 1s
2026-10-03 21:53:53   lift_base_2k: round 7, bound 0.3405432979, rows 7438, {'triangle_rows': 3420, 'inaccurate_solves': 0, 'mincut': 4, '2k': 193}, 2s
2026-10-03 21:53:54 lift_base_2k: root gap 0.2853% (closes 48.9% of the compact gap), cut off 0, 2s
2026-10-03 21:53:55   lift_2k_K4: round 5, bound 0.3396119090, rows 3824, {'inaccurate_solves': 0, 'mincut': 4}, 1s
2026-10-03 21:53:55 lift_2k_K4: root gap 0.5581% (closes 0.0% of the compact gap), cut off 0, 1s
2026-10-03 21:54:43   lift_buneman: round 5, bound 0.3396122118, rows 10607, {'buneman_rows': 5814, 'inaccurate_solves': 5, 'mincut': 4}, 49s
2026-10-03 21:54:46 lift_buneman: root gap 0.5581% (closes 0.0% of the compact gap), cut off 0, 51s
2026-10-03 21:54:49   lift_base_buneman: round 5, bound 0.3405222539, rows 14028, {'triangle_rows': 3420, 'buneman_rows': 5814, 'inaccurate_solves': 0, 'mincut': 4}, 3s
2026-10-03 21:54:50 lift_base_buneman: root gap 0.2915% (closes 47.8% of the compact gap), cut off 0, 3s
