2026-10-03 21:52:03   compact: round 10, bound 0.0973430615, rows 682, {'inaccurate_solves': 0, 'mincut': 5, 'pm': 5}, 0s
2026-10-03 21:52:03 compact: root gap 0.6423% (closes 0.0% of the compact gap), cut off 0, 0s
2026-10-03 21:52:04   lift: round 10, bound 0.0973430615, rows 814, {'inaccurate_solves': 0, 'mincut': 5, 'pm': 5}, 0s
2026-10-03 21:52:04 lift: root gap 0.6423% (closes 0.0% of the compact gap), cut off 0, 0s
2026-10-03 21:52:04   lift_manifold: round 7, bound 0.0976368409, rows 811, {'inaccurate_solves': 0, 'mincut': 5, 'pm': 1}, 0s
2026-10-03 21:52:04 lift_manifold: root gap 0.3425% (closes 46.7% of the compact gap), cut off 0, 0s
/Users/lchindelevitch/Downloads/Phylogenetics/BalancedMinEvolutionPaper/experiments/lp/conic_manifold.py:248: UserWarning: Solution may be inaccurate. Try another solver, adjusting the solver settings, or solve with verbose=True for more information.
  prob.solve(solver=cp.CLARABEL, tol_feas=tol, tol_gap_abs=tol, tol_gap_rel=tol,
2026-10-03 21:52:07   lift_triangle: round 10, bound 0.0973432203, rows 1474, {'triangle_rows': 660, 'inaccurate_solves': 10, 'mincut': 5, 'pm': 5}, 3s
2026-10-03 21:52:07 lift_triangle: root gap 0.6423% (closes 0.0% of the compact gap), cut off 0, 4s
2026-10-03 21:52:07   lift_base: round 5, bound 0.0979084784, rows 1469, {'triangle_rows': 660, 'inaccurate_solves': 0, 'mincut': 4}, 0s
2026-10-03 21:52:07 lift_base: root gap 0.0652% (closes 89.9% of the compact gap), cut off 0, 0s
2026-10-03 21:52:07   lift_base_2k: round 6, bound 0.0979409995, rows 1548, {'triangle_rows': 660, 'inaccurate_solves': 0, 'mincut': 4, '2k': 79}, 0s
2026-10-03 21:52:07 lift_base_2k: root gap 0.0320% (closes 95.0% of the compact gap), cut off 0, 0s
2026-10-03 21:52:08   lift_2k_K4: round 10, bound 0.0973430615, rows 814, {'inaccurate_solves': 0, 'mincut': 5, 'pm': 5}, 0s
2026-10-03 21:52:08 lift_2k_K4: root gap 0.6423% (closes 0.0% of the compact gap), cut off 0, 0s
2026-10-03 21:52:13   lift_buneman: round 10, bound 0.0973431187, rows 1969, {'buneman_rows': 990, 'inaccurate_solves': 10, 'mincut': 5, 'pm': 5}, 5s
2026-10-03 21:52:13 lift_buneman: root gap 0.6423% (closes 0.0% of the compact gap), cut off 0, 5s
2026-10-03 21:52:13   lift_base_buneman: round 5, bound 0.0979084784, rows 2624, {'triangle_rows': 660, 'buneman_rows': 990, 'inaccurate_solves': 0, 'mincut': 4}, 0s
2026-10-03 21:52:13 lift_base_buneman: root gap 0.0652% (closes 89.9% of the compact gap), cut off 0, 0s
