2026-10-08 01:20:37 balanced-exact        1s nodes 0 open 1 lb 1.74432917 inc 1.789931009 gap 2.5477% root
2026-10-08 01:21:37 balanced-exact       61s nodes 1842 open 1741 lb 1.760689451 inc 1.789931009 gap 1.6337%
2026-10-08 01:22:37 balanced-exact      122s nodes 3341 open 3049 lb 1.763088251 inc 1.789931009 gap 1.4997%
2026-10-08 01:23:37 balanced-exact      182s nodes 4682 open 4133 lb 1.764416427 inc 1.789931009 gap 1.4255%
2026-10-08 01:24:37 balanced-exact      242s nodes 5919 open 5122 lb 1.765397223 inc 1.789931009 gap 1.3707%
2026-10-08 01:25:37 balanced-exact      302s nodes 7113 open 6046 lb 1.766125144 inc 1.789931009 gap 1.3300%
2026-10-08 01:26:37 balanced-exact      362s nodes 8215 open 6908 lb 1.766709127 inc 1.789931009 gap 1.2974%
2026-10-08 01:27:37 balanced-exact      422s nodes 9262 open 7716 lb 1.767230538 inc 1.789931009 gap 1.2682%
2026-10-08 01:28:37 balanced-exact      482s nodes 10264 open 8472 lb 1.767645283 inc 1.789931009 gap 1.2451%
2026-10-08 01:29:37 balanced-exact      542s nodes 11225 open 9194 lb 1.767991307 inc 1.789931009 gap 1.2257%
2026-10-08 01:30:37 balanced-exact      602s nodes 12138 open 9875 lb 1.768311127 inc 1.789931009 gap 1.2079%
2026-10-08 01:31:37 balanced-exact      662s nodes 13051 open 10539 lb 1.768588949 inc 1.789931009 gap 1.1923%
2026-10-08 01:32:38 balanced-exact      722s nodes 13942 open 11192 lb 1.768849569 inc 1.789931009 gap 1.1778%
2026-10-08 01:33:38 balanced-exact      782s nodes 14811 open 11815 lb 1.769115857 inc 1.789931009 gap 1.1629%
2026-10-08 01:34:38 balanced-exact      842s nodes 15668 open 12446 lb 1.769357066 inc 1.789931009 gap 1.1494%
2026-10-08 01:35:38 balanced-exact      902s nodes 16465 open 13040 lb 1.769572491 inc 1.789931009 gap 1.1374%
2026-10-08 01:36:38 balanced-exact      962s nodes 17271 open 13624 lb 1.769781731 inc 1.789931009 gap 1.1257%
2026-10-08 01:37:38 balanced-exact     1023s nodes 18058 open 14194 lb 1.76997217 inc 1.789931009 gap 1.1151%
2026-10-08 01:38:38 balanced-exact     1083s nodes 18822 open 14734 lb 1.770157029 inc 1.789931009 gap 1.1047%
2026-10-08 01:39:38 balanced-exact     1143s nodes 19609 open 15299 lb 1.770337361 inc 1.789931009 gap 1.0947%
2026-10-08 01:40:38 balanced-exact     1203s nodes 20342 open 15835 lb 1.7704863 inc 1.789931009 gap 1.0863%
2026-10-08 01:41:39 balanced-exact     1263s nodes 21072 open 16367 lb 1.770627492 inc 1.789931009 gap 1.0785%
2026-10-08 01:42:39 balanced-exact     1323s nodes 21789 open 16855 lb 1.770770914 inc 1.789931009 gap 1.0704%
2026-10-08 01:43:39 balanced-exact     1383s nodes 22473 open 17357 lb 1.77089784 inc 1.789931009 gap 1.0633%
2026-10-08 01:44:39 balanced-exact     1443s nodes 23156 open 17841 lb 1.771024675 inc 1.789931009 gap 1.0563%
2026-10-08 01:45:39 balanced-exact     1504s nodes 23834 open 18328 lb 1.771134887 inc 1.789931009 gap 1.0501%
2026-10-08 01:46:39 balanced-exact     1564s nodes 24492 open 18771 lb 1.771247015 inc 1.789931009 gap 1.0438%
2026-10-08 01:47:39 balanced-exact     1624s nodes 25143 open 19248 lb 1.771358647 inc 1.789931009 gap 1.0376%
2026-10-08 01:48:39 balanced-exact     1684s nodes 25786 open 19712 lb 1.771461991 inc 1.789931009 gap 1.0318%
2026-10-08 01:49:39 balanced-exact     1744s nodes 26397 open 20147 lb 1.771561069 inc 1.789931009 gap 1.0263%
2026-10-08 01:50:40 balanced-exact     1804s nodes 27019 open 20599 lb 1.771658918 inc 1.789931009 gap 1.0208%
2026-10-08 01:51:40 balanced-exact     1864s nodes 27635 open 21044 lb 1.771758417 inc 1.789931009 gap 1.0153%
2026-10-08 01:52:40 balanced-exact     1924s nodes 28236 open 21462 lb 1.771845879 inc 1.789931009 gap 1.0104%
2026-10-08 01:53:40 balanced-exact     1984s nodes 28835 open 21880 lb 1.771938182 inc 1.789931009 gap 1.0052%
2026-10-08 01:54:40 balanced-exact     2044s nodes 29432 open 22287 lb 1.772022629 inc 1.789931009 gap 1.0005%
2026-10-08 01:55:40 balanced-exact     2104s nodes 29995 open 22670 lb 1.772101512 inc 1.789931009 gap 0.9961%
2026-10-08 01:56:40 balanced-exact     2164s nodes 30558 open 23058 lb 1.772172311 inc 1.789931009 gap 0.9921%
2026-10-08 01:57:40 balanced-exact     2225s nodes 31140 open 23459 lb 1.772251665 inc 1.789931009 gap 0.9877%
2026-10-08 01:58:40 balanced-exact     2285s nodes 31708 open 23833 lb 1.772326475 inc 1.789931009 gap 0.9835%
2026-10-08 01:59:41 balanced-exact     2345s nodes 32256 open 24199 lb 1.772395091 inc 1.789931009 gap 0.9797%
2026-10-08 02:00:41 balanced-exact     2405s nodes 32806 open 24565 lb 1.772464364 inc 1.789931009 gap 0.9758%
2026-10-08 02:01:41 balanced-exact     2465s nodes 33335 open 24928 lb 1.772540798 inc 1.789931009 gap 0.9716%
2026-10-08 02:02:41 balanced-exact     2525s nodes 33884 open 25317 lb 1.772609347 inc 1.789931009 gap 0.9677%
2026-10-08 02:03:41 balanced-exact     2585s nodes 34378 open 25668 lb 1.772625976 inc 1.789931009 gap 0.9668%
2026-10-08 02:04:41 balanced-exact     2645s nodes 34879 open 26031 lb 1.772727806 inc 1.789931009 gap 0.9611%
2026-10-08 02:05:41 balanced-exact     2705s nodes 35398 open 26359 lb 1.772787946 inc 1.789931009 gap 0.9577%
2026-10-08 02:06:41 balanced-exact     2765s nodes 35900 open 26686 lb 1.772846349 inc 1.789931009 gap 0.9545%
2026-10-08 02:07:41 balanced-exact     2826s nodes 36358 open 26983 lb 1.772902237 inc 1.789931009 gap 0.9514%
2026-10-08 02:08:41 balanced-exact     2886s nodes 36848 open 27341 lb 1.772958555 inc 1.789931009 gap 0.9482%
2026-10-08 02:09:41 balanced-exact     2946s nodes 37340 open 27671 lb 1.773012624 inc 1.789931009 gap 0.9452%
2026-10-08 02:10:41 balanced-exact     3006s nodes 37826 open 27993 lb 1.773069326 inc 1.789931009 gap 0.9420%
2026-10-08 02:11:41 balanced-exact     3066s nodes 38305 open 28313 lb 1.773123165 inc 1.789931009 gap 0.9390%
2026-10-08 02:12:42 balanced-exact     3126s nodes 38789 open 28643 lb 1.773175801 inc 1.789931009 gap 0.9361%
2026-10-08 02:13:42 balanced-exact     3186s nodes 39256 open 28972 lb 1.773230016 inc 1.789931009 gap 0.9331%
2026-10-08 02:14:42 balanced-exact     3246s nodes 39724 open 29297 lb 1.773281932 inc 1.789931009 gap 0.9302%
2026-10-08 02:15:42 balanced-exact     3306s nodes 40201 open 29621 lb 1.773331177 inc 1.789931009 gap 0.9274%
2026-10-08 02:16:42 balanced-exact     3366s nodes 40684 open 29957 lb 1.773380856 inc 1.789931009 gap 0.9246%
2026-10-08 02:17:42 balanced-exact     3426s nodes 41138 open 30253 lb 1.773424826 inc 1.789931009 gap 0.9222%
2026-10-08 02:18:42 balanced-exact     3486s nodes 41602 open 30561 lb 1.773474036 inc 1.789931009 gap 0.9194%
2026-10-08 02:19:42 balanced-exact     3546s nodes 42037 open 30839 lb 1.773518771 inc 1.789931009 gap 0.9169%
2026-10-08 02:20:36 balanced-exact     3600s nodes 42437 open 31108 lb 1.77355424 inc 1.789931009 gap 0.9149% stopped
